// Vitest Snapshot v1

exports[`split tokens > with extremes 1`] = `
[
  {
    "content": "fo",
    "props": {},
  },
  {
    "content": "o",
    "props": {},
  },
  {
    "content": "ba",
    "props": {},
  },
  {
    "content": "r",
    "props": {},
  },
]
`;

exports[`split tokens > with no extremes 1`] = `
[
  {
    "content": "foo",
    "props": {},
  },
  {
    "content": "bar",
    "props": {},
  },
]
`;
