// Vitest Snapshot v1

exports[`map focus to line numbers 1`] = `
{
  "1": true,
  "2": true,
  "3": [
    {
      "end": 5,
      "start": 1,
    },
    {
      "end": 7,
      "start": 7,
    },
  ],
}
`;
